^ 102 : 5 18.1728 24.431818181818183 18.1728 (2023 - )
^ 103 : 4 22.1695 32.90816326530612 22.1695 (2017 - 2020)
^ 106 : 2 6.9507 124.03846153846153 6.9507 (2019 - 2020)
^ 11 : 4 16.0478 42.43421052631579 16.0478 (2024 - )
^ 111 : 4 9.0922 12.797619047619047 9.0922 (2024 - )
^ 124 : 2 15.368 46.07142857142857 15.368 (2020 - 2021)
^ 125 : 4 13.4198 55.60344827586207 13.4198 (2017 - 2020)
^ 129 : 5 6.3342 21.217105263157894 6.3342 (2019 - 2023)
^ 130 : 2 19.0615 4.429945054945055 19.0615 (2020 - 2021)
^ 133 : 3 10.1045 94.8529411764706 10.1045 (2016 - 2018)
^ 134 : 4 5.8567 161.25 5.8567 (2015 - 2018)
^ 150 : 2 13.0741 48.86363636363637 13.0741 (2021 - 2022)
^ 161 : 2 26.2618 24.067164179104477 26.2618 (2023 - 2024)
^ 167 : 2 2.6359 403.125 2.6359 (2015 - 2016)
^ 17 : 2 7.9762 19.196428571428573 7.9762 (2022 - 2023)
^ 176 : 2 4.7061 201.5625 4.7061 (2018 - 2019)
^ 188 : 3 5.3927 146.5909090909091 5.3927 (2018 - 2020)
^ 191 : 5 16.8863 28.794642857142858 16.8863 (2017 - 2021)
^ 196 : 2 11.4691 55.60344827586207 11.4691 (2021 - 2022)
^ 199 : 3 13.2805 29.86111111111111 13.2805 (2022 - 2024)
^ 210 : 3 7.2589 124.03846153846153 7.2589 (2017 - 2019)
^ 225 : 4 9.6834 76.78571428571429 9.6834 (2017 - 2020)
^ 32 : 3 9.3478 84.86842105263158 9.3478 (2018 - 2020)
^ 4 : 3 16.9977 23.71323529411765 16.9977 (2021 - 2023)
^ 41 : 2 9.7853 10.75 9.7853 (2023 - 2024)
^ 42 : 5 32.0287 15.504807692307692 32.0287 (2017 - 2021)
^ 46 : 3 5.0165 179.16666666666666 5.0165 (2017 - 2019)
^ 5 : 4 15.6186 43.58108108108108 15.6186 (2024 - )
^ 51 : 4 2.639 322.5 2.639 (2016 - 2019)
^ 68 : 2 6.9507 124.03846153846153 6.9507 (2019 - 2020)
^ 7 : 3 16.1489 29.86111111111111 16.1489 (2020 - 2022)
^ 70 : 2 17.1226 32.25 17.1226 (2021 - 2022)
^ 77 : 2 2.6359 403.125 2.6359 (2015 - 2016)
^ 89 : 2 12.2709 52.016129032258064 12.2709 (2021 - 2022)
^ 90 : 2 6.2118 161.25 6.2118 (2017 - 2018)
^ 91 : 6 8.3614 25.1953125 8.3614 (2022 - )
^ 95 : 3 11.6439 34.308510638297875 11.6439 (2021 - 2023)
^ 98 : 4 8.289 89.58333333333333 8.289 (2017 - 2020)
